niyonzima@niyonzima-VirtualBox:~$ git config --global user.name "niyonzima"
niyonzima@niyonzima-VirtualBox:~$ git config --global user.email "jniyonzimap@gmail.com"
niyonzima@niyonzima-VirtualBox:~$ mkdir Sample
niyonzima@niyonzima-VirtualBox:~$ cd Sample
niyonzima@niyonzima-VirtualBox:~/Sample$ git init
Initialized empty Git repository in /home/niyonzima/Sample/.git/
niyonzima@niyonzima-VirtualBox:~/Sample$ ls -la
total 12
drwxrwxr-x  3 niyonzima niyonzima 4096 Mar  8 07:54 .
drwxr-xr-x 29 niyonzima niyonzima 4096 Mar  8 07:53 ..
drwxrwxr-x  7 niyonzima niyonzima 4096 Mar  8 07:54 .git
niyonzima@niyonzima-VirtualBox:~/Sample$ nano readme.txt
niyonzima@niyonzima-VirtualBox:~/Sample$ git status
# On branch master
#
# Initial commit
#
# Untracked files:
#   (use "git add <file>..." to include in what will be committed)
#
#       readme.txt
nothing added to commit but untracked files present (use "git add" to track)
niyonzima@niyonzima-VirtualBox:~/Sample$ git add.
git: 'add.' is not a git command. See 'git --help'.

Did you mean this?
        add
niyonzima@niyonzima-VirtualBox:~/Sample$ git add .
niyonzima@niyonzima-VirtualBox:~/Sample$ git commit -m 'replace this message with your own'
[master (root-commit) 3bf3654] replace this message with your own
 1 file changed, 6 insertions(+)
 create mode 100644 readme.txt
niyonzima@niyonzima-VirtualBox:~/Sample$ git log
commit 3bf3654e5246329024619306cea2151d626b64c5
Author: niyonzima <jniyonzimap@gmail.com>
Date:   Sat Mar 8 08:00:27 2014 +0200

    replace this message with your own
niyonzima@niyonzima-VirtualBox:~/Sample$ git remote add https://github.com/niyonzima/Sample.git
usage: git remote add [<options>] <name> <url>
                                                                                                                                               
    -f, --fetch           fetch the remote branches                                                                                            
    --tags                import all tags and associated objects when fetching
                          or do not fetch any tag at all (--no-tags)
    -t, --track <branch>  branch(es) to track
    -m, --master <branch>
                          master branch
    --mirror[=<push|fetch>]
                          set up remote as a mirror to push to or fetch from

niyonzima@niyonzima-VirtualBox:~/Sample$ git push -u origin master
fatal: 'origin' does not appear to be a git repository
fatal: The remote end hung up unexpectedly
niyonzima@niyonzima-VirtualBox:~/Sample$ git push -u master
fatal: 'master' does not appear to be a git repository
fatal: The remote end hung up unexpectedly
niyonzima@niyonzima-VirtualBox:~/Sample$ git remote add origin https://github.com/niyonzima/Sample.git
niyonzima@niyonzima-VirtualBox:~/Sample$ git remote add origin https://github.com/niyonzima/Sample.git
fatal: remote origin already exists.
niyonzima@niyonzima-VirtualBox:~/Sample$ git push -u origin master
error: Couldn't resolve host 'github.com' while accessing https://github.com/niyonzima/Sample.git/info/refs
fatal: HTTP request failed
niyonzima@niyonzima-VirtualBox:~/Sample$ git remote add origin https://github/niyonzima/Sample/.git
fatal: remote origin already exists.                                                                                                           
niyonzima@niyonzima-VirtualBox:~/Sample$ git push -u origin master
error: Couldn't resolve host 'github.com' while accessing https://github.com/niyonzima/Sample.git/info/refs                                    
fatal: HTTP request failed                                                                                                                     
niyonzima@niyonzima-VirtualBox:~/Sample$ cat readme.txt                                                                                        
NIYONZIMA                                                                                                                                      
MUKAMANZI                                                                                                                                      
KAMIMI                                                                                                                                         
KADADA                                                                                                                                         
SIFA                                                                                                                                           
MUKESHA                                                                                                                                        
niyonzima@niyonzima-VirtualBox:~/Sample$                                                                                                       
                                                                                                                                               
                                                                                                                                               
                                                                                                                                               
                                                                                                                                               